<!DOCTYPE html>
<header>Approved Orders</header>
<head>
    <link rel="stylesheet" href="3.approved.css">
</head>
<body>
    <nav class="topnav">
        <a href="1.managerPortal.html">Home</a>
        <a href="2.pending.html">Pending</a>
        <a class="active" href="3.approved.html">Approved</a>
        <a href="4.declined.html">Declined</a>
    </nav>
    <div class="app">
        <table style="width:74%">
            <tr>
                <th style="width:10%">Date</th>
                <th style="width:8%">Order id</th>
                <th style="width:15%">Customer Name</th>
                <th style="width:8%">Total</th>
                <th style="width:5%">Status</th>
            </tr>
            <tr>
                <td>2022-07-11 19:38</td>
                <td>00581</td>
                <td>Giri</td>
                <td>₹355</td>
                <td>Completed</td>
            </tr>
            <tr>
                <td>2022-07-11 17:22</td>
                <td>00476</td>
                <td>Chandu</td>
                <td>₹172</td>
                <td>Completed</td>
            </tr>
            <tr>
                <td>2022-07-10 21:01</td>
                <td>00392</td>
                <td>Vasanthi</td>
                <td>₹429</td>
                <td>Completed</td>
            </tr>
          </table>
    </div>

</body>